// Jest Snapshot v1, https://goo.gl/fbAQLP

exports[`matches snapshot 1`] = `
<DocumentFragment>
  <header
    class="flex-row px-1"
  >
    <h2>
      <a
        href="/"
      >
        “Any sufficiently advanced technology is indistinguishable from magic.”
      </a>
    </h2>
    <nav>
      <ul
        class="flex-row"
      >
        <li
          class="mx-2"
        >
          <a
            href="#about"
          >
            About me
          </a>
        </li>
        <li
          class="mx-1"
        >
          <span>
            portfolio
          </span>
        </li>
        <li
          class="mx-1"
        >
          <span>
            contact
          </span>
        </li>
      </ul>
    </nav>
  </header>
</DocumentFragment>
`;

exports[`matches snapshot 2`] = `
<DocumentFragment>
  <header
    class="flex-row px-1"
  >
    <h2>
      <a
        href="/"
      >
        “Any sufficiently advanced technology is indistinguishable from magic.”
      </a>
    </h2>
    <nav>
      <ul
        class="flex-row"
      >
        <li
          class="mx-2"
        >
          <a
            href="#about"
          >
            About me
          </a>
        </li>
        <li
          class="mx-1"
        >
          <span>
            portfolio
          </span>
        </li>
        <li
          class="mx-1"
        >
          <span>
            contact
          </span>
        </li>
      </ul>
    </nav>
  </header>
</DocumentFragment>
`;
